// Jest Snapshot v1, https://goo.gl/fbAQLP

exports[`Language Selector renders without break 1`] = `
ShallowWrapper {
  Symbol(enzyme.__root__): [Circular],
  Symbol(enzyme.__unrendered__): <LanguageSelector
    onClick={[MockFunction]}
    selectedLanguage="pt-BR"
  />,
  Symbol(enzyme.__renderer__): Object {
    "batchedUpdates": [Function],
    "getNode": [Function],
    "render": [Function],
    "simulateError": [Function],
    "simulateEvent": [Function],
    "unmount": [Function],
  },
  Symbol(enzyme.__node__): Object {
    "instance": null,
    "key": undefined,
    "nodeType": "host",
    "props": Object {
      "children": <div
        className="language_selector__button"
      >
        <button
          id="language-selector-id"
          onClick={[Function]}
          type="button"
        >
          pt-BR
        </button>
      </div>,
      "className": "language_selector",
    },
    "ref": null,
    "rendered": Object {
      "instance": null,
      "key": undefined,
      "nodeType": "host",
      "props": Object {
        "children": <button
          id="language-selector-id"
          onClick={[Function]}
          type="button"
        >
          pt-BR
        </button>,
        "className": "language_selector__button",
      },
      "ref": null,
      "rendered": Object {
        "instance": null,
        "key": undefined,
        "nodeType": "host",
        "props": Object {
          "children": "pt-BR",
          "id": "language-selector-id",
          "onClick": [Function],
          "type": "button",
        },
        "ref": null,
        "rendered": "pt-BR",
        "type": "button",
      },
      "type": "div",
    },
    "type": "div",
  },
  Symbol(enzyme.__nodes__): Array [
    Object {
      "instance": null,
      "key": undefined,
      "nodeType": "host",
      "props": Object {
        "children": <div
          className="language_selector__button"
        >
          <button
            id="language-selector-id"
            onClick={[Function]}
            type="button"
          >
            pt-BR
          </button>
        </div>,
        "className": "language_selector",
      },
      "ref": null,
      "rendered": Object {
        "instance": null,
        "key": undefined,
        "nodeType": "host",
        "props": Object {
          "children": <button
            id="language-selector-id"
            onClick={[Function]}
            type="button"
          >
            pt-BR
          </button>,
          "className": "language_selector__button",
        },
        "ref": null,
        "rendered": Object {
          "instance": null,
          "key": undefined,
          "nodeType": "host",
          "props": Object {
            "children": "pt-BR",
            "id": "language-selector-id",
            "onClick": [Function],
            "type": "button",
          },
          "ref": null,
          "rendered": "pt-BR",
          "type": "button",
        },
        "type": "div",
      },
      "type": "div",
    },
  ],
  Symbol(enzyme.__options__): Object {
    "adapter": ReactSixteenAdapter {
      "options": Object {
        "enableComponentDidUpdateOnSetState": true,
        "lifecycles": Object {
          "componentDidUpdate": Object {
            "onSetState": true,
          },
          "getDerivedStateFromProps": true,
          "getSnapshotBeforeUpdate": true,
          "setState": Object {
            "skipsComponentDidUpdateOnNullish": true,
          },
        },
      },
    },
  },
}
`;
