// Jest Snapshot v1, https://goo.gl/fbAQLP

exports[`Search Result renders without crashing 1`] = `
ShallowWrapper {
  Symbol(enzyme.__root__): [Circular],
  Symbol(enzyme.__unrendered__): <SearchResult
    index={0}
    result={
      Object {
        "currency": "$",
        "price": "30",
        "rating": "0",
        "title": "My Title",
      }
    }
    tabIndex={0}
  />,
  Symbol(enzyme.__renderer__): Object {
    "batchedUpdates": [Function],
    "getNode": [Function],
    "render": [Function],
    "simulateError": [Function],
    "simulateEvent": [Function],
    "unmount": [Function],
  },
  Symbol(enzyme.__node__): Object {
    "instance": null,
    "key": undefined,
    "nodeType": "class",
    "props": Object {
      "children": <div
        className="search_result row center-xs"
        id="search-result-id-0"
      >
        <section
          className="col-xs-12 col-sm-7"
        >
          <ResultCardTour
            currency="$"
            imgAlt="Photo by Vladimir Kudinov on Unsplash"
            imgSrc="vladimir-kudinov-58771-unsplash.jpeg"
            index={0}
            isSpecialOffer={false}
            onClick={[Function]}
            price="30"
            rating={0}
            tabIndex={0}
            title="My Title"
          />
        </section>
        <section
          className="col-xs-12 col-sm-7"
        >
          <ResultDetailsTour
            description="Lorem ipsum dolor sit amet, consectetur adipisicing elit, sed do eiusmod tempor incididunt ut labore et dolore magna aliqua. Ut enim ad minim veniam, quis nostrud exercitation ullamco laboris nisi ut aliquip ex ea commodo consequat. Duis aute irure dolor in reprehenderit in voluptate velit esse cillum dolore eu fugiat nulla pariatur. Excepteur sint occaecat cupidatat non proident, sunt in culpa qui officia deserunt mollit anim id est laborum."
            expand={false}
            imgAlt="Photo by Vladimir Kudinov on Unsplash"
            imgSrc="vladimir-kudinov-58771-unsplash.jpeg"
            index={0}
            title="My Title"
          />
        </section>
      </div>,
      "disabled": false,
      "display": "block",
      "onOutsideClick": [Function],
      "useCapture": true,
    },
    "ref": null,
    "rendered": Object {
      "instance": null,
      "key": undefined,
      "nodeType": "host",
      "props": Object {
        "children": Array [
          <section
            className="col-xs-12 col-sm-7"
          >
            <ResultCardTour
              currency="$"
              imgAlt="Photo by Vladimir Kudinov on Unsplash"
              imgSrc="vladimir-kudinov-58771-unsplash.jpeg"
              index={0}
              isSpecialOffer={false}
              onClick={[Function]}
              price="30"
              rating={0}
              tabIndex={0}
              title="My Title"
            />
          </section>,
          <section
            className="col-xs-12 col-sm-7"
          >
            <ResultDetailsTour
              description="Lorem ipsum dolor sit amet, consectetur adipisicing elit, sed do eiusmod tempor incididunt ut labore et dolore magna aliqua. Ut enim ad minim veniam, quis nostrud exercitation ullamco laboris nisi ut aliquip ex ea commodo consequat. Duis aute irure dolor in reprehenderit in voluptate velit esse cillum dolore eu fugiat nulla pariatur. Excepteur sint occaecat cupidatat non proident, sunt in culpa qui officia deserunt mollit anim id est laborum."
              expand={false}
              imgAlt="Photo by Vladimir Kudinov on Unsplash"
              imgSrc="vladimir-kudinov-58771-unsplash.jpeg"
              index={0}
              title="My Title"
            />
          </section>,
        ],
        "className": "search_result row center-xs",
        "id": "search-result-id-0",
      },
      "ref": null,
      "rendered": Array [
        Object {
          "instance": null,
          "key": undefined,
          "nodeType": "host",
          "props": Object {
            "children": <ResultCardTour
              currency="$"
              imgAlt="Photo by Vladimir Kudinov on Unsplash"
              imgSrc="vladimir-kudinov-58771-unsplash.jpeg"
              index={0}
              isSpecialOffer={false}
              onClick={[Function]}
              price="30"
              rating={0}
              tabIndex={0}
              title="My Title"
            />,
            "className": "col-xs-12 col-sm-7",
          },
          "ref": null,
          "rendered": Object {
            "instance": null,
            "key": undefined,
            "nodeType": "function",
            "props": Object {
              "currency": "$",
              "imgAlt": "Photo by Vladimir Kudinov on Unsplash",
              "imgSrc": "vladimir-kudinov-58771-unsplash.jpeg",
              "index": 0,
              "isSpecialOffer": false,
              "onClick": [Function],
              "price": "30",
              "rating": 0,
              "tabIndex": 0,
              "title": "My Title",
            },
            "ref": null,
            "rendered": null,
            "type": [Function],
          },
          "type": "section",
        },
        Object {
          "instance": null,
          "key": undefined,
          "nodeType": "host",
          "props": Object {
            "children": <ResultDetailsTour
              description="Lorem ipsum dolor sit amet, consectetur adipisicing elit, sed do eiusmod tempor incididunt ut labore et dolore magna aliqua. Ut enim ad minim veniam, quis nostrud exercitation ullamco laboris nisi ut aliquip ex ea commodo consequat. Duis aute irure dolor in reprehenderit in voluptate velit esse cillum dolore eu fugiat nulla pariatur. Excepteur sint occaecat cupidatat non proident, sunt in culpa qui officia deserunt mollit anim id est laborum."
              expand={false}
              imgAlt="Photo by Vladimir Kudinov on Unsplash"
              imgSrc="vladimir-kudinov-58771-unsplash.jpeg"
              index={0}
              title="My Title"
            />,
            "className": "col-xs-12 col-sm-7",
          },
          "ref": null,
          "rendered": Object {
            "instance": null,
            "key": undefined,
            "nodeType": "function",
            "props": Object {
              "description": "Lorem ipsum dolor sit amet, consectetur adipisicing elit, sed do eiusmod tempor incididunt ut labore et dolore magna aliqua. Ut enim ad minim veniam, quis nostrud exercitation ullamco laboris nisi ut aliquip ex ea commodo consequat. Duis aute irure dolor in reprehenderit in voluptate velit esse cillum dolore eu fugiat nulla pariatur. Excepteur sint occaecat cupidatat non proident, sunt in culpa qui officia deserunt mollit anim id est laborum.",
              "expand": false,
              "imgAlt": "Photo by Vladimir Kudinov on Unsplash",
              "imgSrc": "vladimir-kudinov-58771-unsplash.jpeg",
              "index": 0,
              "title": "My Title",
            },
            "ref": null,
            "rendered": null,
            "type": [Function],
          },
          "type": "section",
        },
      ],
      "type": "div",
    },
    "type": [Function],
  },
  Symbol(enzyme.__nodes__): Array [
    Object {
      "instance": null,
      "key": undefined,
      "nodeType": "class",
      "props": Object {
        "children": <div
          className="search_result row center-xs"
          id="search-result-id-0"
        >
          <section
            className="col-xs-12 col-sm-7"
          >
            <ResultCardTour
              currency="$"
              imgAlt="Photo by Vladimir Kudinov on Unsplash"
              imgSrc="vladimir-kudinov-58771-unsplash.jpeg"
              index={0}
              isSpecialOffer={false}
              onClick={[Function]}
              price="30"
              rating={0}
              tabIndex={0}
              title="My Title"
            />
          </section>
          <section
            className="col-xs-12 col-sm-7"
          >
            <ResultDetailsTour
              description="Lorem ipsum dolor sit amet, consectetur adipisicing elit, sed do eiusmod tempor incididunt ut labore et dolore magna aliqua. Ut enim ad minim veniam, quis nostrud exercitation ullamco laboris nisi ut aliquip ex ea commodo consequat. Duis aute irure dolor in reprehenderit in voluptate velit esse cillum dolore eu fugiat nulla pariatur. Excepteur sint occaecat cupidatat non proident, sunt in culpa qui officia deserunt mollit anim id est laborum."
              expand={false}
              imgAlt="Photo by Vladimir Kudinov on Unsplash"
              imgSrc="vladimir-kudinov-58771-unsplash.jpeg"
              index={0}
              title="My Title"
            />
          </section>
        </div>,
        "disabled": false,
        "display": "block",
        "onOutsideClick": [Function],
        "useCapture": true,
      },
      "ref": null,
      "rendered": Object {
        "instance": null,
        "key": undefined,
        "nodeType": "host",
        "props": Object {
          "children": Array [
            <section
              className="col-xs-12 col-sm-7"
            >
              <ResultCardTour
                currency="$"
                imgAlt="Photo by Vladimir Kudinov on Unsplash"
                imgSrc="vladimir-kudinov-58771-unsplash.jpeg"
                index={0}
                isSpecialOffer={false}
                onClick={[Function]}
                price="30"
                rating={0}
                tabIndex={0}
                title="My Title"
              />
            </section>,
            <section
              className="col-xs-12 col-sm-7"
            >
              <ResultDetailsTour
                description="Lorem ipsum dolor sit amet, consectetur adipisicing elit, sed do eiusmod tempor incididunt ut labore et dolore magna aliqua. Ut enim ad minim veniam, quis nostrud exercitation ullamco laboris nisi ut aliquip ex ea commodo consequat. Duis aute irure dolor in reprehenderit in voluptate velit esse cillum dolore eu fugiat nulla pariatur. Excepteur sint occaecat cupidatat non proident, sunt in culpa qui officia deserunt mollit anim id est laborum."
                expand={false}
                imgAlt="Photo by Vladimir Kudinov on Unsplash"
                imgSrc="vladimir-kudinov-58771-unsplash.jpeg"
                index={0}
                title="My Title"
              />
            </section>,
          ],
          "className": "search_result row center-xs",
          "id": "search-result-id-0",
        },
        "ref": null,
        "rendered": Array [
          Object {
            "instance": null,
            "key": undefined,
            "nodeType": "host",
            "props": Object {
              "children": <ResultCardTour
                currency="$"
                imgAlt="Photo by Vladimir Kudinov on Unsplash"
                imgSrc="vladimir-kudinov-58771-unsplash.jpeg"
                index={0}
                isSpecialOffer={false}
                onClick={[Function]}
                price="30"
                rating={0}
                tabIndex={0}
                title="My Title"
              />,
              "className": "col-xs-12 col-sm-7",
            },
            "ref": null,
            "rendered": Object {
              "instance": null,
              "key": undefined,
              "nodeType": "function",
              "props": Object {
                "currency": "$",
                "imgAlt": "Photo by Vladimir Kudinov on Unsplash",
                "imgSrc": "vladimir-kudinov-58771-unsplash.jpeg",
                "index": 0,
                "isSpecialOffer": false,
                "onClick": [Function],
                "price": "30",
                "rating": 0,
                "tabIndex": 0,
                "title": "My Title",
              },
              "ref": null,
              "rendered": null,
              "type": [Function],
            },
            "type": "section",
          },
          Object {
            "instance": null,
            "key": undefined,
            "nodeType": "host",
            "props": Object {
              "children": <ResultDetailsTour
                description="Lorem ipsum dolor sit amet, consectetur adipisicing elit, sed do eiusmod tempor incididunt ut labore et dolore magna aliqua. Ut enim ad minim veniam, quis nostrud exercitation ullamco laboris nisi ut aliquip ex ea commodo consequat. Duis aute irure dolor in reprehenderit in voluptate velit esse cillum dolore eu fugiat nulla pariatur. Excepteur sint occaecat cupidatat non proident, sunt in culpa qui officia deserunt mollit anim id est laborum."
                expand={false}
                imgAlt="Photo by Vladimir Kudinov on Unsplash"
                imgSrc="vladimir-kudinov-58771-unsplash.jpeg"
                index={0}
                title="My Title"
              />,
              "className": "col-xs-12 col-sm-7",
            },
            "ref": null,
            "rendered": Object {
              "instance": null,
              "key": undefined,
              "nodeType": "function",
              "props": Object {
                "description": "Lorem ipsum dolor sit amet, consectetur adipisicing elit, sed do eiusmod tempor incididunt ut labore et dolore magna aliqua. Ut enim ad minim veniam, quis nostrud exercitation ullamco laboris nisi ut aliquip ex ea commodo consequat. Duis aute irure dolor in reprehenderit in voluptate velit esse cillum dolore eu fugiat nulla pariatur. Excepteur sint occaecat cupidatat non proident, sunt in culpa qui officia deserunt mollit anim id est laborum.",
                "expand": false,
                "imgAlt": "Photo by Vladimir Kudinov on Unsplash",
                "imgSrc": "vladimir-kudinov-58771-unsplash.jpeg",
                "index": 0,
                "title": "My Title",
              },
              "ref": null,
              "rendered": null,
              "type": [Function],
            },
            "type": "section",
          },
        ],
        "type": "div",
      },
      "type": [Function],
    },
  ],
  Symbol(enzyme.__options__): Object {
    "adapter": ReactSixteenAdapter {
      "options": Object {
        "enableComponentDidUpdateOnSetState": true,
        "lifecycles": Object {
          "componentDidUpdate": Object {
            "onSetState": true,
          },
          "getDerivedStateFromProps": true,
          "getSnapshotBeforeUpdate": true,
          "setState": Object {
            "skipsComponentDidUpdateOnNullish": true,
          },
        },
      },
    },
  },
}
`;
