// Jest Snapshot v1, https://goo.gl/fbAQLP

exports[`Language Options renders without crash 1`] = `
ShallowWrapper {
  Symbol(enzyme.__root__): [Circular],
  Symbol(enzyme.__unrendered__): <LanguageOptions
    onClick={[MockFunction]}
  />,
  Symbol(enzyme.__renderer__): Object {
    "batchedUpdates": [Function],
    "getNode": [Function],
    "render": [Function],
    "simulateError": [Function],
    "simulateEvent": [Function],
    "unmount": [Function],
  },
  Symbol(enzyme.__node__): Object {
    "instance": null,
    "key": undefined,
    "nodeType": "host",
    "props": Object {
      "children": Array [
        <div
          className="col-xs"
        >
          <button
            className="primary"
            id="pt"
            onClick={[Function]}
            type="button"
          >
            pt
          </button>
        </div>,
        <div
          className="col-xs"
        >
          <button
            className="primary"
            id="en"
            onClick={[Function]}
            type="button"
          >
            en
          </button>
        </div>,
      ],
      "className": "language_selector__languages row center-xs",
    },
    "ref": null,
    "rendered": Array [
      Object {
        "instance": null,
        "key": "pt-BR",
        "nodeType": "host",
        "props": Object {
          "children": <button
            className="primary"
            id="pt"
            onClick={[Function]}
            type="button"
          >
            pt
          </button>,
          "className": "col-xs",
        },
        "ref": null,
        "rendered": Object {
          "instance": null,
          "key": undefined,
          "nodeType": "host",
          "props": Object {
            "children": "pt",
            "className": "primary",
            "id": "pt",
            "onClick": [Function],
            "type": "button",
          },
          "ref": null,
          "rendered": "pt",
          "type": "button",
        },
        "type": "div",
      },
      Object {
        "instance": null,
        "key": "en-US",
        "nodeType": "host",
        "props": Object {
          "children": <button
            className="primary"
            id="en"
            onClick={[Function]}
            type="button"
          >
            en
          </button>,
          "className": "col-xs",
        },
        "ref": null,
        "rendered": Object {
          "instance": null,
          "key": undefined,
          "nodeType": "host",
          "props": Object {
            "children": "en",
            "className": "primary",
            "id": "en",
            "onClick": [Function],
            "type": "button",
          },
          "ref": null,
          "rendered": "en",
          "type": "button",
        },
        "type": "div",
      },
    ],
    "type": "div",
  },
  Symbol(enzyme.__nodes__): Array [
    Object {
      "instance": null,
      "key": undefined,
      "nodeType": "host",
      "props": Object {
        "children": Array [
          <div
            className="col-xs"
          >
            <button
              className="primary"
              id="pt"
              onClick={[Function]}
              type="button"
            >
              pt
            </button>
          </div>,
          <div
            className="col-xs"
          >
            <button
              className="primary"
              id="en"
              onClick={[Function]}
              type="button"
            >
              en
            </button>
          </div>,
        ],
        "className": "language_selector__languages row center-xs",
      },
      "ref": null,
      "rendered": Array [
        Object {
          "instance": null,
          "key": "pt-BR",
          "nodeType": "host",
          "props": Object {
            "children": <button
              className="primary"
              id="pt"
              onClick={[Function]}
              type="button"
            >
              pt
            </button>,
            "className": "col-xs",
          },
          "ref": null,
          "rendered": Object {
            "instance": null,
            "key": undefined,
            "nodeType": "host",
            "props": Object {
              "children": "pt",
              "className": "primary",
              "id": "pt",
              "onClick": [Function],
              "type": "button",
            },
            "ref": null,
            "rendered": "pt",
            "type": "button",
          },
          "type": "div",
        },
        Object {
          "instance": null,
          "key": "en-US",
          "nodeType": "host",
          "props": Object {
            "children": <button
              className="primary"
              id="en"
              onClick={[Function]}
              type="button"
            >
              en
            </button>,
            "className": "col-xs",
          },
          "ref": null,
          "rendered": Object {
            "instance": null,
            "key": undefined,
            "nodeType": "host",
            "props": Object {
              "children": "en",
              "className": "primary",
              "id": "en",
              "onClick": [Function],
              "type": "button",
            },
            "ref": null,
            "rendered": "en",
            "type": "button",
          },
          "type": "div",
        },
      ],
      "type": "div",
    },
  ],
  Symbol(enzyme.__options__): Object {
    "adapter": ReactSixteenAdapter {
      "options": Object {
        "enableComponentDidUpdateOnSetState": true,
        "lifecycles": Object {
          "componentDidUpdate": Object {
            "onSetState": true,
          },
          "getDerivedStateFromProps": true,
          "getSnapshotBeforeUpdate": true,
          "setState": Object {
            "skipsComponentDidUpdateOnNullish": true,
          },
        },
      },
    },
  },
}
`;
