// Jest Snapshot v1, https://goo.gl/fbAQLP

exports[`Result Card renders without crashing 1`] = `
ShallowWrapper {
  Symbol(enzyme.__root__): [Circular],
  Symbol(enzyme.__unrendered__): <ResultCard
    currency="$"
    imgAlt=""
    imgSrc=""
    index={0}
    isSpecialOffer={false}
    onClick={[MockFunction]}
    price="30"
    rating={4.8}
    tabIndex={1}
    title="Title"
  />,
  Symbol(enzyme.__renderer__): Object {
    "batchedUpdates": [Function],
    "getNode": [Function],
    "render": [Function],
    "simulateError": [Function],
    "simulateEvent": [Function],
    "unmount": [Function],
  },
  Symbol(enzyme.__node__): Object {
    "instance": null,
    "key": undefined,
    "nodeType": "host",
    "props": Object {
      "children": Array [
        <picture
          className="result_card__picture col-xs-12 col-sm-3"
        >
          <img
            alt=""
            className="result_card__img"
            src=""
          />
        </picture>,
        <div
          className="result_card__details col-xs-12 col-sm"
        >
          <ResultCardTitle
            title="Title"
          />
          <ResultCardDetails
            currency="$"
            isSpecialOffer={false}
            price="30"
            rating={4.8}
          />
        </div>,
      ],
      "className": "result_card row",
      "id": "result-card-id-0",
      "onClick": [MockFunction],
      "onKeyPress": [MockFunction],
      "role": "button",
      "tabIndex": 1,
    },
    "ref": null,
    "rendered": Array [
      Object {
        "instance": null,
        "key": undefined,
        "nodeType": "host",
        "props": Object {
          "children": <img
            alt=""
            className="result_card__img"
            src=""
          />,
          "className": "result_card__picture col-xs-12 col-sm-3",
        },
        "ref": null,
        "rendered": Object {
          "instance": null,
          "key": undefined,
          "nodeType": "host",
          "props": Object {
            "alt": "",
            "className": "result_card__img",
            "src": "",
          },
          "ref": null,
          "rendered": null,
          "type": "img",
        },
        "type": "picture",
      },
      Object {
        "instance": null,
        "key": undefined,
        "nodeType": "host",
        "props": Object {
          "children": Array [
            <ResultCardTitle
              title="Title"
            />,
            <ResultCardDetails
              currency="$"
              isSpecialOffer={false}
              price="30"
              rating={4.8}
            />,
          ],
          "className": "result_card__details col-xs-12 col-sm",
        },
        "ref": null,
        "rendered": Array [
          Object {
            "instance": null,
            "key": undefined,
            "nodeType": "function",
            "props": Object {
              "title": "Title",
            },
            "ref": null,
            "rendered": null,
            "type": [Function],
          },
          Object {
            "instance": null,
            "key": undefined,
            "nodeType": "function",
            "props": Object {
              "currency": "$",
              "isSpecialOffer": false,
              "price": "30",
              "rating": 4.8,
            },
            "ref": null,
            "rendered": null,
            "type": [Function],
          },
        ],
        "type": "div",
      },
    ],
    "type": "div",
  },
  Symbol(enzyme.__nodes__): Array [
    Object {
      "instance": null,
      "key": undefined,
      "nodeType": "host",
      "props": Object {
        "children": Array [
          <picture
            className="result_card__picture col-xs-12 col-sm-3"
          >
            <img
              alt=""
              className="result_card__img"
              src=""
            />
          </picture>,
          <div
            className="result_card__details col-xs-12 col-sm"
          >
            <ResultCardTitle
              title="Title"
            />
            <ResultCardDetails
              currency="$"
              isSpecialOffer={false}
              price="30"
              rating={4.8}
            />
          </div>,
        ],
        "className": "result_card row",
        "id": "result-card-id-0",
        "onClick": [MockFunction],
        "onKeyPress": [MockFunction],
        "role": "button",
        "tabIndex": 1,
      },
      "ref": null,
      "rendered": Array [
        Object {
          "instance": null,
          "key": undefined,
          "nodeType": "host",
          "props": Object {
            "children": <img
              alt=""
              className="result_card__img"
              src=""
            />,
            "className": "result_card__picture col-xs-12 col-sm-3",
          },
          "ref": null,
          "rendered": Object {
            "instance": null,
            "key": undefined,
            "nodeType": "host",
            "props": Object {
              "alt": "",
              "className": "result_card__img",
              "src": "",
            },
            "ref": null,
            "rendered": null,
            "type": "img",
          },
          "type": "picture",
        },
        Object {
          "instance": null,
          "key": undefined,
          "nodeType": "host",
          "props": Object {
            "children": Array [
              <ResultCardTitle
                title="Title"
              />,
              <ResultCardDetails
                currency="$"
                isSpecialOffer={false}
                price="30"
                rating={4.8}
              />,
            ],
            "className": "result_card__details col-xs-12 col-sm",
          },
          "ref": null,
          "rendered": Array [
            Object {
              "instance": null,
              "key": undefined,
              "nodeType": "function",
              "props": Object {
                "title": "Title",
              },
              "ref": null,
              "rendered": null,
              "type": [Function],
            },
            Object {
              "instance": null,
              "key": undefined,
              "nodeType": "function",
              "props": Object {
                "currency": "$",
                "isSpecialOffer": false,
                "price": "30",
                "rating": 4.8,
              },
              "ref": null,
              "rendered": null,
              "type": [Function],
            },
          ],
          "type": "div",
        },
      ],
      "type": "div",
    },
  ],
  Symbol(enzyme.__options__): Object {
    "adapter": ReactSixteenAdapter {
      "options": Object {
        "enableComponentDidUpdateOnSetState": true,
        "lifecycles": Object {
          "componentDidUpdate": Object {
            "onSetState": true,
          },
          "getDerivedStateFromProps": true,
          "getSnapshotBeforeUpdate": true,
          "setState": Object {
            "skipsComponentDidUpdateOnNullish": true,
          },
        },
      },
    },
  },
}
`;
