// Jest Snapshot v1, https://goo.gl/fbAQLP

exports[`Result Details Tour renders without crashing 1`] = `
ShallowWrapper {
  Symbol(enzyme.__root__): [Circular],
  Symbol(enzyme.__unrendered__): <ResultDetailsTour
    description="Tour Description"
    expand={false}
    imgAlt=""
    imgSrc="image source"
    index={0}
    title="Tour title"
  />,
  Symbol(enzyme.__renderer__): Object {
    "batchedUpdates": [Function],
    "getNode": [Function],
    "render": [Function],
    "simulateError": [Function],
    "simulateEvent": [Function],
    "unmount": [Function],
  },
  Symbol(enzyme.__node__): Object {
    "instance": null,
    "key": undefined,
    "nodeType": "host",
    "props": Object {
      "aria-expanded": false,
      "children": Array [
        <picture
          className="result_details_tour__picture hidden-xs col-sm-12"
        >
          <img
            alt=""
            className="result_details_tour__img"
            src="image source"
          />
        </picture>,
        <article
          className="result_details_tour__description col-xs-12"
        >
          <h1>
            Tour title
          </h1>
          <p>
            Tour Description
          </p>
        </article>,
      ],
      "className": "result_details_tour row",
      "id": "result-details-tour-id-0",
    },
    "ref": null,
    "rendered": Array [
      Object {
        "instance": null,
        "key": undefined,
        "nodeType": "host",
        "props": Object {
          "children": <img
            alt=""
            className="result_details_tour__img"
            src="image source"
          />,
          "className": "result_details_tour__picture hidden-xs col-sm-12",
        },
        "ref": null,
        "rendered": Object {
          "instance": null,
          "key": undefined,
          "nodeType": "host",
          "props": Object {
            "alt": "",
            "className": "result_details_tour__img",
            "src": "image source",
          },
          "ref": null,
          "rendered": null,
          "type": "img",
        },
        "type": "picture",
      },
      Object {
        "instance": null,
        "key": undefined,
        "nodeType": "host",
        "props": Object {
          "children": Array [
            <h1>
              Tour title
            </h1>,
            <p>
              Tour Description
            </p>,
          ],
          "className": "result_details_tour__description col-xs-12",
        },
        "ref": null,
        "rendered": Array [
          Object {
            "instance": null,
            "key": undefined,
            "nodeType": "host",
            "props": Object {
              "children": "Tour title",
            },
            "ref": null,
            "rendered": "Tour title",
            "type": "h1",
          },
          Object {
            "instance": null,
            "key": undefined,
            "nodeType": "host",
            "props": Object {
              "children": "Tour Description",
            },
            "ref": null,
            "rendered": "Tour Description",
            "type": "p",
          },
        ],
        "type": "article",
      },
    ],
    "type": "div",
  },
  Symbol(enzyme.__nodes__): Array [
    Object {
      "instance": null,
      "key": undefined,
      "nodeType": "host",
      "props": Object {
        "aria-expanded": false,
        "children": Array [
          <picture
            className="result_details_tour__picture hidden-xs col-sm-12"
          >
            <img
              alt=""
              className="result_details_tour__img"
              src="image source"
            />
          </picture>,
          <article
            className="result_details_tour__description col-xs-12"
          >
            <h1>
              Tour title
            </h1>
            <p>
              Tour Description
            </p>
          </article>,
        ],
        "className": "result_details_tour row",
        "id": "result-details-tour-id-0",
      },
      "ref": null,
      "rendered": Array [
        Object {
          "instance": null,
          "key": undefined,
          "nodeType": "host",
          "props": Object {
            "children": <img
              alt=""
              className="result_details_tour__img"
              src="image source"
            />,
            "className": "result_details_tour__picture hidden-xs col-sm-12",
          },
          "ref": null,
          "rendered": Object {
            "instance": null,
            "key": undefined,
            "nodeType": "host",
            "props": Object {
              "alt": "",
              "className": "result_details_tour__img",
              "src": "image source",
            },
            "ref": null,
            "rendered": null,
            "type": "img",
          },
          "type": "picture",
        },
        Object {
          "instance": null,
          "key": undefined,
          "nodeType": "host",
          "props": Object {
            "children": Array [
              <h1>
                Tour title
              </h1>,
              <p>
                Tour Description
              </p>,
            ],
            "className": "result_details_tour__description col-xs-12",
          },
          "ref": null,
          "rendered": Array [
            Object {
              "instance": null,
              "key": undefined,
              "nodeType": "host",
              "props": Object {
                "children": "Tour title",
              },
              "ref": null,
              "rendered": "Tour title",
              "type": "h1",
            },
            Object {
              "instance": null,
              "key": undefined,
              "nodeType": "host",
              "props": Object {
                "children": "Tour Description",
              },
              "ref": null,
              "rendered": "Tour Description",
              "type": "p",
            },
          ],
          "type": "article",
        },
      ],
      "type": "div",
    },
  ],
  Symbol(enzyme.__options__): Object {
    "adapter": ReactSixteenAdapter {
      "options": Object {
        "enableComponentDidUpdateOnSetState": true,
        "lifecycles": Object {
          "componentDidUpdate": Object {
            "onSetState": true,
          },
          "getDerivedStateFromProps": true,
          "getSnapshotBeforeUpdate": true,
          "setState": Object {
            "skipsComponentDidUpdateOnNullish": true,
          },
        },
      },
    },
  },
}
`;
