// Jest Snapshot v1, https://goo.gl/fbAQLP

exports[`App renders without crashing 1`] = `
ShallowWrapper {
  Symbol(enzyme.__root__): [Circular],
  Symbol(enzyme.__unrendered__): <App
    data={
      Object {
        "tours": Array [
          Object {
            "currency": "$",
            "description": "Lorem ipsum dolor sit amet, consectetur adipisicing elit, sed do eiusmod tempor incididunt ut labore et dolore magna aliqua. Ut enim ad minim veniam, quis nostrud exercitation ullamco laboris nisi ut aliquip ex ea commodo consequat. Duis aute irure dolor in reprehenderit in voluptate velit esse cillum dolore eu fugiat nulla pariatur. Excepteur sint occaecat cupidatat non proident, sunt in culpa qui officia deserunt mollit anim id est laborum.",
            "isSpecialOffer": false,
            "price": "14",
            "rating": "4.8",
            "title": "German Tour: Parliament Quarter &amp; Reichstag glass dome",
          },
          Object {
            "currency": "$",
            "description": "Lorem ipsum dolor sit amet, consectetur adipisicing elit, sed do eiusmod tempor incididunt ut labore et dolore magna aliqua. Ut enim ad minim veniam, quis nostrud exercitation ullamco laboris nisi ut aliquip ex ea commodo consequat. Duis aute irure dolor in reprehenderit in voluptate velit esse cillum dolore eu fugiat nulla pariatur. Excepteur sint occaecat cupidatat non proident, sunt in culpa qui officia deserunt mollit anim id est laborum.",
            "isSpecialOffer": false,
            "price": "21",
            "rating": "4.8",
            "title": "Skip the Line: Pergamon Museum Berlin Tickets",
          },
          Object {
            "currency": "$",
            "description": "Lorem ipsum dolor sit amet, consectetur adipisicing elit, sed do eiusmod tempor incididunt ut labore et dolore magna aliqua. Ut enim ad minim veniam, quis nostrud exercitation ullamco laboris nisi ut aliquip ex ea commodo consequat. Duis aute irure dolor in reprehenderit in voluptate velit esse cillum dolore eu fugiat nulla pariatur. Excepteur sint occaecat cupidatat non proident, sunt in culpa qui officia deserunt mollit anim id est laborum.",
            "isSpecialOffer": false,
            "price": "10",
            "rating": "4.6",
            "title": "Berlin WelcomeCard: Transport, Discounts &amp; Guide Book",
          },
          Object {
            "currency": "$",
            "description": "Lorem ipsum dolor sit amet, consectetur adipisicing elit, sed do eiusmod tempor incididunt ut labore et dolore magna aliqua. Ut enim ad minim veniam, quis nostrud exercitation ullamco laboris nisi ut aliquip ex ea commodo consequat. Duis aute irure dolor in reprehenderit in voluptate velit esse cillum dolore eu fugiat nulla pariatur. Excepteur sint occaecat cupidatat non proident, sunt in culpa qui officia deserunt mollit anim id est laborum.",
            "isSpecialOffer": false,
            "price": "143",
            "rating": "4.6",
            "title": "Skip the Line: Berlin TV Tower Ticket",
          },
          Object {
            "currency": "$",
            "description": "Lorem ipsum dolor sit amet, consectetur adipisicing elit, sed do eiusmod tempor incididunt ut labore et dolore magna aliqua. Ut enim ad minim veniam, quis nostrud exercitation ullamco laboris nisi ut aliquip ex ea commodo consequat. Duis aute irure dolor in reprehenderit in voluptate velit esse cillum dolore eu fugiat nulla pariatur. Excepteur sint occaecat cupidatat non proident, sunt in culpa qui officia deserunt mollit anim id est laborum.",
            "isSpecialOffer": false,
            "price": "14",
            "rating": "4.5",
            "title": "1-Hour City Tour by Boat with Guaranteed Seating",
          },
          Object {
            "currency": "$",
            "description": "Lorem ipsum dolor sit amet, consectetur adipisicing elit, sed do eiusmod tempor incididunt ut labore et dolore magna aliqua. Ut enim ad minim veniam, quis nostrud exercitation ullamco laboris nisi ut aliquip ex ea commodo consequat. Duis aute irure dolor in reprehenderit in voluptate velit esse cillum dolore eu fugiat nulla pariatur. Excepteur sint occaecat cupidatat non proident, sunt in culpa qui officia deserunt mollit anim id est laborum.",
            "isSpecialOffer": false,
            "price": "210",
            "rating": "4.3",
            "title": "Berlin Hop-on Hop-off Bus Tour: 1- or 2-Day Ticket",
          },
          Object {
            "currency": "$",
            "description": "Lorem ipsum dolor sit amet, consectetur adipisicing elit, sed do eiusmod tempor incididunt ut labore et dolore magna aliqua. Ut enim ad minim veniam, quis nostrud exercitation ullamco laboris nisi ut aliquip ex ea commodo consequat. Duis aute irure dolor in reprehenderit in voluptate velit esse cillum dolore eu fugiat nulla pariatur. Excepteur sint occaecat cupidatat non proident, sunt in culpa qui officia deserunt mollit anim id est laborum.",
            "isSpecialOffer": false,
            "price": "59",
            "rating": "4.8",
            "title": "German Tour: Reichstag with Plenary Chamber &amp; Cuppola",
          },
          Object {
            "currency": "$",
            "description": "Lorem ipsum dolor sit amet, consectetur adipisicing elit, sed do eiusmod tempor incididunt ut labore et dolore magna aliqua. Ut enim ad minim veniam, quis nostrud exercitation ullamco laboris nisi ut aliquip ex ea commodo consequat. Duis aute irure dolor in reprehenderit in voluptate velit esse cillum dolore eu fugiat nulla pariatur. Excepteur sint occaecat cupidatat non proident, sunt in culpa qui officia deserunt mollit anim id est laborum.",
            "isSpecialOffer": true,
            "price": "41",
            "rating": "4.5",
            "title": "Berlin: 2.5-Hour Boat Tour Along the River Spree",
          },
          Object {
            "currency": "$",
            "description": "Lorem ipsum dolor sit amet, consectetur adipisicing elit, sed do eiusmod tempor incididunt ut labore et dolore magna aliqua. Ut enim ad minim veniam, quis nostrud exercitation ullamco laboris nisi ut aliquip ex ea commodo consequat. Duis aute irure dolor in reprehenderit in voluptate velit esse cillum dolore eu fugiat nulla pariatur. Excepteur sint occaecat cupidatat non proident, sunt in culpa qui officia deserunt mollit anim id est laborum.",
            "isSpecialOffer": false,
            "price": "14",
            "rating": "4.5",
            "title": "Museum Pass Berlin: 3-Day Entry to Over 40 Top Museums",
          },
          Object {
            "currency": "$",
            "description": "Lorem ipsum dolor sit amet, consectetur adipisicing elit, sed do eiusmod tempor incididunt ut labore et dolore magna aliqua. Ut enim ad minim veniam, quis nostrud exercitation ullamco laboris nisi ut aliquip ex ea commodo consequat. Duis aute irure dolor in reprehenderit in voluptate velit esse cillum dolore eu fugiat nulla pariatur. Excepteur sint occaecat cupidatat non proident, sunt in culpa qui officia deserunt mollit anim id est laborum.",
            "isSpecialOffer": true,
            "price": "50",
            "rating": "4.6",
            "title": "Reichstag: Rooftop Coffee Break at KÃ¤fer",
          },
          Object {
            "currency": "$",
            "description": "Lorem ipsum dolor sit amet, consectetur adipisicing elit, sed do eiusmod tempor incididunt ut labore et dolore magna aliqua. Ut enim ad minim veniam, quis nostrud exercitation ullamco laboris nisi ut aliquip ex ea commodo consequat. Duis aute irure dolor in reprehenderit in voluptate velit esse cillum dolore eu fugiat nulla pariatur. Excepteur sint occaecat cupidatat non proident, sunt in culpa qui officia deserunt mollit anim id est laborum.",
            "isSpecialOffer": true,
            "price": "46",
            "rating": "4.9",
            "title": "Skip the Line: Neues Museum Berlin Tickets",
          },
          Object {
            "currency": "$",
            "description": "Lorem ipsum dolor sit amet, consectetur adipisicing elit, sed do eiusmod tempor incididunt ut labore et dolore magna aliqua. Ut enim ad minim veniam, quis nostrud exercitation ullamco laboris nisi ut aliquip ex ea commodo consequat. Duis aute irure dolor in reprehenderit in voluptate velit esse cillum dolore eu fugiat nulla pariatur. Excepteur sint occaecat cupidatat non proident, sunt in culpa qui officia deserunt mollit anim id est laborum.",
            "isSpecialOffer": false,
            "price": "87",
            "rating": "4.8",
            "title": "German Tour: Reichstag with dome Chamber &amp;",
          },
          Object {
            "currency": "$",
            "description": "Lorem ipsum dolor sit amet, consectetur adipisicing elit, sed do eiusmod tempor incididunt ut labore et dolore magna aliqua. Ut enim ad minim veniam, quis nostrud exercitation ullamco laboris nisi ut aliquip ex ea commodo consequat. Duis aute irure dolor in reprehenderit in voluptate velit esse cillum dolore eu fugiat nulla pariatur. Excepteur sint occaecat cupidatat non proident, sunt in culpa qui officia deserunt mollit anim id est laborum.",
            "isSpecialOffer": false,
            "price": "8",
            "rating": "4.3",
            "title": "Berlin Hop-on Hop-off Bus Tour with Live Commentary",
          },
          Object {
            "currency": "$",
            "description": "Lorem ipsum dolor sit amet, consectetur adipisicing elit, sed do eiusmod tempor incididunt ut labore et dolore magna aliqua. Ut enim ad minim veniam, quis nostrud exercitation ullamco laboris nisi ut aliquip ex ea commodo consequat. Duis aute irure dolor in reprehenderit in voluptate velit esse cillum dolore eu fugiat nulla pariatur. Excepteur sint occaecat cupidatat non proident, sunt in culpa qui officia deserunt mollit anim id est laborum.",
            "isSpecialOffer": false,
            "price": "140",
            "rating": "4.5",
            "title": "Skip the Line: TV Tower Early Bird Tickets",
          },
        ],
      }
    }
  />,
  Symbol(enzyme.__renderer__): Object {
    "batchedUpdates": [Function],
    "getNode": [Function],
    "render": [Function],
    "simulateError": [Function],
    "simulateEvent": [Function],
    "unmount": [Function],
  },
  Symbol(enzyme.__node__): Object {
    "instance": null,
    "key": undefined,
    "nodeType": "class",
    "props": Object {
      "children": <div
        className="app"
      >
        <Header
          onChangeLanguage={[Function]}
          selectedLanguage="en-US"
        />
        <main
          className="app__main row center-xs"
        >
          <picture
            className="app__background"
          >
            <img
              alt="main section"
              className="app__background_image"
              src="app_background_image.jpeg"
            />
          </picture>
          <SearchBar
            handleSubmit={[Function]}
            name="search_bar_input"
            onChange={[Function]}
          />
          <section
            className="app__search_results col-xs-12"
          />
        </main>
      </div>,
      "locale": "en-US",
      "messages": Object {
        "header.title": "Experience Finder",
        "no_results.message": "No results found! =(",
        "result_card_details.pricing": "{currency} {price}",
        "result_card_details.rating": "{rating}/5",
        "result_card_details.special_offer": "Special Offer",
        "search_bar.label": "Let's search for a great experience",
      },
    },
    "ref": null,
    "rendered": Object {
      "instance": null,
      "key": undefined,
      "nodeType": "host",
      "props": Object {
        "children": Array [
          <Header
            onChangeLanguage={[Function]}
            selectedLanguage="en-US"
          />,
          <main
            className="app__main row center-xs"
          >
            <picture
              className="app__background"
            >
              <img
                alt="main section"
                className="app__background_image"
                src="app_background_image.jpeg"
              />
            </picture>
            <SearchBar
              handleSubmit={[Function]}
              name="search_bar_input"
              onChange={[Function]}
            />
            <section
              className="app__search_results col-xs-12"
            />
          </main>,
        ],
        "className": "app",
      },
      "ref": null,
      "rendered": Array [
        Object {
          "instance": null,
          "key": undefined,
          "nodeType": "function",
          "props": Object {
            "onChangeLanguage": [Function],
            "selectedLanguage": "en-US",
          },
          "ref": null,
          "rendered": null,
          "type": [Function],
        },
        Object {
          "instance": null,
          "key": undefined,
          "nodeType": "host",
          "props": Object {
            "children": Array [
              <picture
                className="app__background"
              >
                <img
                  alt="main section"
                  className="app__background_image"
                  src="app_background_image.jpeg"
                />
              </picture>,
              <SearchBar
                handleSubmit={[Function]}
                name="search_bar_input"
                onChange={[Function]}
              />,
              <section
                className="app__search_results col-xs-12"
              />,
            ],
            "className": "app__main row center-xs",
          },
          "ref": null,
          "rendered": Array [
            Object {
              "instance": null,
              "key": undefined,
              "nodeType": "host",
              "props": Object {
                "children": <img
                  alt="main section"
                  className="app__background_image"
                  src="app_background_image.jpeg"
                />,
                "className": "app__background",
              },
              "ref": null,
              "rendered": Object {
                "instance": null,
                "key": undefined,
                "nodeType": "host",
                "props": Object {
                  "alt": "main section",
                  "className": "app__background_image",
                  "src": "app_background_image.jpeg",
                },
                "ref": null,
                "rendered": null,
                "type": "img",
              },
              "type": "picture",
            },
            Object {
              "instance": null,
              "key": undefined,
              "nodeType": "function",
              "props": Object {
                "handleSubmit": [Function],
                "name": "search_bar_input",
                "onChange": [Function],
              },
              "ref": null,
              "rendered": null,
              "type": [Function],
            },
            Object {
              "instance": null,
              "key": undefined,
              "nodeType": "host",
              "props": Object {
                "children": Array [],
                "className": "app__search_results col-xs-12",
              },
              "ref": null,
              "rendered": Array [],
              "type": "section",
            },
          ],
          "type": "main",
        },
      ],
      "type": "div",
    },
    "type": [Function],
  },
  Symbol(enzyme.__nodes__): Array [
    Object {
      "instance": null,
      "key": undefined,
      "nodeType": "class",
      "props": Object {
        "children": <div
          className="app"
        >
          <Header
            onChangeLanguage={[Function]}
            selectedLanguage="en-US"
          />
          <main
            className="app__main row center-xs"
          >
            <picture
              className="app__background"
            >
              <img
                alt="main section"
                className="app__background_image"
                src="app_background_image.jpeg"
              />
            </picture>
            <SearchBar
              handleSubmit={[Function]}
              name="search_bar_input"
              onChange={[Function]}
            />
            <section
              className="app__search_results col-xs-12"
            />
          </main>
        </div>,
        "locale": "en-US",
        "messages": Object {
          "header.title": "Experience Finder",
          "no_results.message": "No results found! =(",
          "result_card_details.pricing": "{currency} {price}",
          "result_card_details.rating": "{rating}/5",
          "result_card_details.special_offer": "Special Offer",
          "search_bar.label": "Let's search for a great experience",
        },
      },
      "ref": null,
      "rendered": Object {
        "instance": null,
        "key": undefined,
        "nodeType": "host",
        "props": Object {
          "children": Array [
            <Header
              onChangeLanguage={[Function]}
              selectedLanguage="en-US"
            />,
            <main
              className="app__main row center-xs"
            >
              <picture
                className="app__background"
              >
                <img
                  alt="main section"
                  className="app__background_image"
                  src="app_background_image.jpeg"
                />
              </picture>
              <SearchBar
                handleSubmit={[Function]}
                name="search_bar_input"
                onChange={[Function]}
              />
              <section
                className="app__search_results col-xs-12"
              />
            </main>,
          ],
          "className": "app",
        },
        "ref": null,
        "rendered": Array [
          Object {
            "instance": null,
            "key": undefined,
            "nodeType": "function",
            "props": Object {
              "onChangeLanguage": [Function],
              "selectedLanguage": "en-US",
            },
            "ref": null,
            "rendered": null,
            "type": [Function],
          },
          Object {
            "instance": null,
            "key": undefined,
            "nodeType": "host",
            "props": Object {
              "children": Array [
                <picture
                  className="app__background"
                >
                  <img
                    alt="main section"
                    className="app__background_image"
                    src="app_background_image.jpeg"
                  />
                </picture>,
                <SearchBar
                  handleSubmit={[Function]}
                  name="search_bar_input"
                  onChange={[Function]}
                />,
                <section
                  className="app__search_results col-xs-12"
                />,
              ],
              "className": "app__main row center-xs",
            },
            "ref": null,
            "rendered": Array [
              Object {
                "instance": null,
                "key": undefined,
                "nodeType": "host",
                "props": Object {
                  "children": <img
                    alt="main section"
                    className="app__background_image"
                    src="app_background_image.jpeg"
                  />,
                  "className": "app__background",
                },
                "ref": null,
                "rendered": Object {
                  "instance": null,
                  "key": undefined,
                  "nodeType": "host",
                  "props": Object {
                    "alt": "main section",
                    "className": "app__background_image",
                    "src": "app_background_image.jpeg",
                  },
                  "ref": null,
                  "rendered": null,
                  "type": "img",
                },
                "type": "picture",
              },
              Object {
                "instance": null,
                "key": undefined,
                "nodeType": "function",
                "props": Object {
                  "handleSubmit": [Function],
                  "name": "search_bar_input",
                  "onChange": [Function],
                },
                "ref": null,
                "rendered": null,
                "type": [Function],
              },
              Object {
                "instance": null,
                "key": undefined,
                "nodeType": "host",
                "props": Object {
                  "children": Array [],
                  "className": "app__search_results col-xs-12",
                },
                "ref": null,
                "rendered": Array [],
                "type": "section",
              },
            ],
            "type": "main",
          },
        ],
        "type": "div",
      },
      "type": [Function],
    },
  ],
  Symbol(enzyme.__options__): Object {
    "adapter": ReactSixteenAdapter {
      "options": Object {
        "enableComponentDidUpdateOnSetState": true,
        "lifecycles": Object {
          "componentDidUpdate": Object {
            "onSetState": true,
          },
          "getDerivedStateFromProps": true,
          "getSnapshotBeforeUpdate": true,
          "setState": Object {
            "skipsComponentDidUpdateOnNullish": true,
          },
        },
      },
    },
  },
}
`;
